// Jest Snapshot v1, https://goo.gl/fbAQLP

exports[`Result Page render the component 1`] = `
<DocumentFragment>
  <div
    class="sc-dkPtyc jEDgkp"
  >
    <h1
      class="sc-bdvvaa bDsQHB"
    />
  </div>
  <form
    class="sc-gsDJrp hjUSrA"
  />
  <div
    class="sc-eCImvq UFQQy"
  />
</DocumentFragment>
`;
