// Jest Snapshot v1, https://goo.gl/fbAQLP

exports[`Notification render the component 1`] = `
<DocumentFragment>
  <div
    class="sc-bdvvaa iucQhO"
  >
    message_1
  </div>
</DocumentFragment>
`;
